Pipeline run completed successfully on Fri Jul 17 02:27:24 UTC 2026
Pipeline run completed successfully on Fri Jul 17 07:58:23 UTC 2026
Pipeline run completed successfully on Fri Jul 17 13:13:45 UTC 2026
Pipeline run completed successfully on Fri Jul 17 18:58:32 UTC 2026
Pipeline run completed successfully on Sat Jul 18 01:51:46 UTC 2026
Pipeline run completed successfully on Sun Jul 19 08:08:55 UTC 2026
Pipeline run completed successfully on Sun Jul 19 13:02:34 UTC 2026
Pipeline run completed successfully on Sun Jul 19 18:58:40 UTC 2026
Pipeline run completed successfully on Mon Jul 20 02:23:23 UTC 2026
Pipeline run completed successfully on Mon Jul 20 08:47:00 UTC 2026
Pipeline run completed successfully on Mon Jul 20 13:53:51 UTC 2026
Pipeline run completed successfully on Mon Jul 20 19:30:35 UTC 2026
Pipeline run completed successfully on Tue Jul 21 02:01:06 UTC 2026
Pipeline run completed successfully on Tue Jul 21 08:14:28 UTC 2026
Pipeline run completed successfully on Tue Jul 21 13:23:48 UTC 2026
Pipeline run completed successfully on Tue Jul 21 19:09:17 UTC 2026
Pipeline run completed successfully on Wed Jul 22 01:59:38 UTC 2026
Pipeline run completed successfully on Wed Jul 22 08:14:57 UTC 2026
Pipeline run completed successfully on Wed Jul 22 13:28:12 UTC 2026
Pipeline run completed successfully on Wed Jul 22 19:03:03 UTC 2026
Pipeline run completed successfully on Thu Jul 23 02:07:22 UTC 2026
Pipeline run completed successfully on Thu Jul 23 08:18:32 UTC 2026
Pipeline run completed successfully on Thu Jul 23 13:41:07 UTC 2026
Pipeline run completed successfully on Thu Jul 23 19:04:56 UTC 2026
Pipeline run completed successfully on Fri Jul 24 02:02:49 UTC 2026
Pipeline run completed successfully on Fri Jul 24 08:14:24 UTC 2026
Pipeline run completed successfully on Fri Jul 24 13:23:36 UTC 2026
Pipeline run completed successfully on Fri Jul 24 19:16:47 UTC 2026
Pipeline run completed successfully on Sat Jul 25 02:02:22 UTC 2026
Pipeline run completed successfully on Sat Jul 25 07:56:19 UTC 2026
Pipeline run completed successfully on Sat Jul 25 13:09:18 UTC 2026
Pipeline run completed successfully on Sat Jul 25 18:58:44 UTC 2026
Pipeline run completed successfully on Sun Jul 26 02:06:41 UTC 2026
Pipeline run completed successfully on Sun Jul 26 08:14:38 UTC 2026
Pipeline run completed successfully on Sun Jul 26 13:05:41 UTC 2026
Pipeline run completed successfully on Sun Jul 26 19:02:27 UTC 2026
Pipeline run completed successfully on Mon Jul 27 02:14:09 UTC 2026
Pipeline run completed successfully on Mon Jul 27 09:38:26 UTC 2026
Pipeline run completed successfully on Mon Jul 27 14:16:57 UTC 2026
Pipeline run completed successfully on Mon Jul 27 19:18:01 UTC 2026
Pipeline run completed successfully on Tue Jul 28 01:54:29 UTC 2026
Pipeline run completed successfully on Tue Jul 28 08:23:00 UTC 2026
Pipeline run completed successfully on Tue Jul 28 13:48:57 UTC 2026
Pipeline run completed successfully on Tue Jul 28 19:14:25 UTC 2026
Pipeline run completed successfully on Wed Jul 29 01:58:14 UTC 2026
Pipeline run completed successfully on Wed Jul 29 08:28:24 UTC 2026
Pipeline run completed successfully on Wed Jul 29 13:53:43 UTC 2026
Pipeline run completed successfully on Wed Jul 29 19:03:55 UTC 2026
Pipeline run completed successfully on Thu Jul 30 01:49:47 UTC 2026
Pipeline run completed successfully on Thu Jul 30 08:13:09 UTC 2026
Pipeline run completed successfully on Thu Jul 30 13:44:09 UTC 2026
Pipeline run completed successfully on Thu Jul 30 19:15:33 UTC 2026
Pipeline run completed successfully on Fri Jul 31 02:07:36 UTC 2026
Pipeline run completed successfully on Fri Jul 31 08:40:13 UTC 2026
Pipeline run completed successfully on Fri Jul 31 13:48:38 UTC 2026
Pipeline run completed successfully on Fri Jul 31 19:14:44 UTC 2026
Pipeline run completed successfully on Sat Aug  1 02:09:09 UTC 2026
Pipeline run completed successfully on Sat Aug  1 08:09:42 UTC 2026
Pipeline run completed successfully on Sat Aug  1 13:04:13 UTC 2026
Pipeline run completed successfully on Sat Aug  1 18:59:52 UTC 2026
Pipeline run completed successfully on Sun Aug  2 02:05:43 UTC 2026
Pipeline run completed successfully on Sun Aug  2 08:11:23 UTC 2026
Pipeline run completed successfully on Sun Aug  2 13:06:12 UTC 2026
Pipeline run completed successfully on Sun Aug  2 19:00:28 UTC 2026
Pipeline run completed successfully on Mon Aug  3 02:07:50 UTC 2026
Pipeline run completed successfully on Mon Aug  3 09:31:11 UTC 2026
Pipeline run completed successfully on Mon Aug  3 14:23:47 UTC 2026
Pipeline run completed successfully on Mon Aug  3 19:23:19 UTC 2026
Pipeline run completed successfully on Tue Aug  4 01:53:14 UTC 2026
Pipeline run completed successfully on Tue Aug  4 08:27:15 UTC 2026
Pipeline run completed successfully on Tue Aug  4 13:54:40 UTC 2026
Pipeline run completed successfully on Tue Aug  4 19:23:06 UTC 2026
Pipeline run completed successfully on Wed Aug  5 01:53:51 UTC 2026
Pipeline run completed successfully on Wed Aug  5 08:25:30 UTC 2026
Pipeline run completed successfully on Wed Aug  5 13:51:23 UTC 2026
Pipeline run completed successfully on Wed Aug  5 19:20:31 UTC 2026
Pipeline run completed successfully on Thu Aug  6 01:55:48 UTC 2026
Pipeline run completed successfully on Thu Aug  6 08:23:06 UTC 2026
Pipeline run completed successfully on Thu Aug  6 13:48:40 UTC 2026
Pipeline run completed successfully on Thu Aug  6 23:53:42 UTC 2026
Pipeline run completed successfully on Fri Aug  7 02:18:21 UTC 2026
Pipeline run completed successfully on Fri Aug  7 07:04:31 UTC 2026
Pipeline run completed successfully on Fri Aug  7 12:46:16 UTC 2026
Pipeline run completed successfully on Fri Aug  7 18:44:47 UTC 2026
Pipeline run completed successfully on Sat Aug  8 01:05:34 UTC 2026
Pipeline run completed successfully on Sat Aug  8 06:40:10 UTC 2026
Pipeline run completed successfully on Sat Aug  8 12:33:39 UTC 2026
Pipeline run completed successfully on Sat Aug  8 18:27:12 UTC 2026
Pipeline run completed successfully on Sun Aug  9 01:09:57 UTC 2026
Pipeline run completed successfully on Sun Aug  9 06:43:44 UTC 2026
Pipeline run completed successfully on Sun Aug  9 12:35:58 UTC 2026
Pipeline run completed successfully on Sun Aug  9 18:30:43 UTC 2026
Pipeline run completed successfully on Mon Aug 10 01:12:03 UTC 2026
Pipeline run completed successfully on Mon Aug 10 07:18:13 UTC 2026
Pipeline run completed successfully on Mon Aug 10 12:53:36 UTC 2026
Pipeline run completed successfully on Mon Aug 10 18:46:59 UTC 2026
Pipeline run completed successfully on Tue Aug 11 01:10:32 UTC 2026
Pipeline run completed successfully on Tue Aug 11 06:55:12 UTC 2026
Pipeline run completed successfully on Tue Aug 11 12:47:54 UTC 2026
Pipeline run completed successfully on Tue Aug 11 18:53:32 UTC 2026
Pipeline run completed successfully on Wed Aug 12 01:18:25 UTC 2026
Pipeline run completed successfully on Wed Aug 12 07:15:04 UTC 2026
Pipeline run completed successfully on Wed Aug 12 12:54:08 UTC 2026
Pipeline run completed successfully on Wed Aug 12 18:53:57 UTC 2026
Pipeline run completed successfully on Thu Aug 13 01:19:57 UTC 2026
Pipeline run completed successfully on Thu Aug 13 07:17:25 UTC 2026
Pipeline run completed successfully on Thu Aug 13 12:54:40 UTC 2026
Pipeline run completed successfully on Thu Aug 13 18:54:27 UTC 2026
Pipeline run completed successfully on Fri Aug 14 01:19:47 UTC 2026
Pipeline run completed successfully on Fri Aug 14 07:15:03 UTC 2026
Pipeline run completed successfully on Fri Aug 14 12:49:35 UTC 2026
Pipeline run completed successfully on Fri Aug 14 18:44:22 UTC 2026
Pipeline run completed successfully on Sat Aug 15 00:51:17 UTC 2026
Pipeline run completed successfully on Sat Aug 15 06:25:43 UTC 2026
Pipeline run completed successfully on Sat Aug 15 12:23:33 UTC 2026
Pipeline run completed successfully on Sat Aug 15 18:18:56 UTC 2026
Pipeline run completed successfully on Sun Aug 16 00:54:29 UTC 2026
Pipeline run completed successfully on Sun Aug 16 06:28:12 UTC 2026
Pipeline run completed successfully on Sun Aug 16 12:25:00 UTC 2026
Pipeline run completed successfully on Sun Aug 16 18:19:02 UTC 2026
Pipeline run completed successfully on Mon Aug 17 00:52:20 UTC 2026
Pipeline run completed successfully on Mon Aug 17 06:40:11 UTC 2026
Pipeline run completed successfully on Mon Aug 17 12:30:01 UTC 2026
Pipeline run completed successfully on Mon Aug 17 18:28:55 UTC 2026
Pipeline run completed successfully on Tue Aug 18 00:50:36 UTC 2026
Pipeline run completed successfully on Tue Aug 18 06:31:51 UTC 2026
Pipeline run completed successfully on Tue Aug 18 12:31:53 UTC 2026
Pipeline run completed successfully on Tue Aug 18 18:28:07 UTC 2026
Pipeline run completed successfully on Wed Aug 19 00:50:58 UTC 2026
Pipeline run completed successfully on Wed Aug 19 06:32:22 UTC 2026
Pipeline run completed successfully on Wed Aug 19 12:32:16 UTC 2026
Pipeline run completed successfully on Wed Aug 19 18:24:16 UTC 2026
Pipeline run completed successfully on Thu Aug 20 00:51:03 UTC 2026
Pipeline run completed successfully on Thu Aug 20 06:34:32 UTC 2026
Pipeline run completed successfully on Thu Aug 20 12:33:56 UTC 2026
Pipeline run completed successfully on Thu Aug 20 18:28:53 UTC 2026
Pipeline run completed successfully on Fri Aug 21 00:54:55 UTC 2026
Pipeline run completed successfully on Fri Aug 21 06:34:42 UTC 2026
